<?xml version="1.0" encoding="UTF-8"?>
<testsuites name="jest tests" tests="5" failures="1" errors="0" time="6.969">
  <testsuite name="Coupon App" errors="0" failures="0" skipped="0" timestamp="2021-06-04T17:10:04" time="4.894" tests="4">
    <testcase classname="Coupon App As I User I want to see my monthly spend" name="Coupon App As I User I want to see my monthly spend" time="0.001">
    </testcase>
    <testcase classname="Coupon App As I User I want to refine the results by cutomer spend" name="Coupon App As I User I want to refine the results by cutomer spend" time="0">
    </testcase>
    <testcase classname="Coupon App As I User I want to refine the results by Gender" name="Coupon App As I User I want to refine the results by Gender" time="0">
    </testcase>
    <testcase classname="Coupon App As I User I want to refine the results by Region" name="Coupon App As I User I want to refine the results by Region" time="0">
    </testcase>
  </testsuite>
  <testsuite name="undefined" errors="0" failures="1" skipped="0" timestamp="2021-06-04T17:10:04" time="6.483" tests="1">
    <testcase classname=" renders learn react link" name=" renders learn react link" time="0.001">
      <failure>ReferenceError: document is not defined
    at Object.render (C:\Repos\CouponCaculator\node_modules\@testing-library\react\dist\pure.js:83:5)
    at Object.&lt;anonymous&gt; (C:\Repos\CouponCaculator\src\Tests\App.test.tsx:6:3)
    at Promise.then.completed (C:\Repos\CouponCaculator\node_modules\jest\node_modules\jest-circus\build\utils.js:316:28)
    at new Promise (&lt;anonymous&gt;)
    at callAsyncCircusFn (C:\Repos\CouponCaculator\node_modules\jest\node_modules\jest-circus\build\utils.js:241:10)
    at _callCircusTest (C:\Repos\CouponCaculator\node_modules\jest\node_modules\jest-circus\build\run.js:218:40)
    at processTicksAndRejections (internal/process/task_queues.js:97:5)
    at _runTest (C:\Repos\CouponCaculator\node_modules\jest\node_modules\jest-circus\build\run.js:155:3)
    at _runTestsForDescribeBlock (C:\Repos\CouponCaculator\node_modules\jest\node_modules\jest-circus\build\run.js:66:9)
    at run (C:\Repos\CouponCaculator\node_modules\jest\node_modules\jest-circus\build\run.js:25:3)</failure>
    </testcase>
  </testsuite>
</testsuites>